university in world at everything for me for you for us