if you are reading this congratulations you have successfully opened a test file but let’s be honest—you were expecting something more exciting weren’t you maybe a treasure map a secret government conspiracy sorry just ip addresses here in case you were wondering 1 yes this is a test file 2 yes it is still a test file 3 if you check again in five minutes… yep still a test file but hey at least now you can say you’ve read the most thrilling test file of all time now get back to work before someone catches you laughing at a text file