{'i': 0.045, ',': 0.015, ' ': 0.174, 'n': 0.052, 'e': 0.102, 'p': 0.012, 'h': 0.067, 'a': 0.066, 'v': 0.006, 'g': 0.014, 'b': 0.012, 'o': 0.058, 'r': 0.041, 'f': 0.021, 'd': 0.042, 'l': 0.03, 'y': 0.014, 't': 0.078, 's': 0.044, 'w': 0.018, '\n': 0.018, 'u': 0.019, 'm': 0.021, ';': 0.004, 'c': 0.015, 'k': 0.005, '.': 0.005, 'j': 0.001, 'z': 0.0, '(': 0.0, ')': 0.0, 'q': 0.0, 'x': 0.0, '-': 0.001, ':': 0.001, '!': 0.0, "'": 0.0, '?': 0.0}
