Grjmlxfyoxfzrjq. Sry xlk okxljzjm vre fr wlrmlxc!
