{'c': 0.02, 'o': 0.12, 'n': 0.08, 'g': 0.06, 'r': 0.1, 'a': 0.1, 't': 0.06, 'u': 0.04, 'l': 0.04, 'i': 0.04, 's': 0.02, '.': 0.02, ' ': 0.12, 'y': 0.02, 'e': 0.04, 'h': 0.02, 'w': 0.02, 'p': 0.02, 'm': 0.02, '!': 0.02, '\n': 0.02}
